[33mcommit 556f643555a2276bce62fe9d9aaeec98655b32d9[m[33m ([m[1;36mHEAD[m[33m -> [m[1;32mmain[m[33m)[m
Author: Matthew <info@lovethecode.net>
Date:   Sat Oct 3 13:36:47 2026 -0700

    ini

 .gitignore                                         |    3 [32m+[m
 README.md                                          |   77 [32m+[m
 angular.json                                       |   67 [32m+[m
 package-lock.json                                  | 5621 [32m++++++++++++++++++++[m
 package.json                                       |   30 [32m+[m
 public/meetings.json                               |  416 [32m++[m
 src/app/app.config.ts                              |   18 [32m+[m
 src/app/app.routes.ts                              |    9 [32m+[m
 src/app/app.ts                                     |   31 [32m+[m
 src/app/components/filter-bar/filter-bar.css       |   46 [32m+[m
 src/app/components/filter-bar/filter-bar.html      |   91 [32m+[m
 src/app/components/filter-bar/filter-bar.ts        |   96 [32m+[m
 .../components/meeting-detail/meeting-detail.css   |   51 [32m+[m
 .../components/meeting-detail/meeting-detail.html  |  118 [32m+[m
 .../components/meeting-detail/meeting-detail.ts    |   93 [32m+[m
 src/app/components/meeting-list/meeting-list.css   |   43 [32m+[m
 src/app/components/meeting-list/meeting-list.html  |   71 [32m+[m
 src/app/components/meeting-list/meeting-list.ts    |   62 [32m+[m
 src/app/models/calendar.ts                         |  289 [32m+[m
 src/app/models/filters.ts                          |   83 [32m+[m
 src/app/models/meeting-types.ts                    |  100 [32m+[m
 src/app/models/meeting.ts                          |   69 [32m+[m
 src/app/models/normalize.ts                        |  115 [32m+[m
 src/app/pipes/day-name-pipe.ts                     |    9 [32m+[m
 src/app/pipes/meeting-time-pipe.ts                 |   15 [32m+[m
 src/app/pipes/type-label-pipe.ts                   |    9 [32m+[m
 src/app/services/meetings-store.ts                 |   62 [32m+[m
 src/app/settings.ts                                |   19 [32m+[m
 src/index.html                                     |   15 [32m+[m
 src/main.ts                                        |    5 [32m+[m
 src/styles.css                                     |   52 [32m+[m
 tsconfig.app.json                                  |    8 [32m+[m
 tsconfig.json                                      |   21 [32m+[m
 33 files changed, 7814 insertions(+)
